{"type":"server-started","port":64897,"host":"127.0.0.1","url_host":"localhost","url":"http://localhost:64897","screen_dir":"/Users/gerardobasterrechea/Documents/GitHub/insu/.superpowers/brainstorm/13799-1778468351/content","state_dir":"/Users/gerardobasterrechea/Documents/GitHub/insu/.superpowers/brainstorm/13799-1778468351/state"}
{"type":"screen-added","file":"/Users/gerardobasterrechea/Documents/GitHub/insu/.superpowers/brainstorm/13799-1778468351/content/architecture.html"}
{"type":"screen-updated","file":"/Users/gerardobasterrechea/Documents/GitHub/insu/.superpowers/brainstorm/13799-1778468351/content/architecture.html"}
{"type":"screen-updated","file":"/Users/gerardobasterrechea/Documents/GitHub/insu/.superpowers/brainstorm/13799-1778468351/content/architecture.html"}
{"type":"screen-updated","file":"/Users/gerardobasterrechea/Documents/GitHub/insu/.superpowers/brainstorm/13799-1778468351/content/architecture.html"}
{"type":"screen-updated","file":"/Users/gerardobasterrechea/Documents/GitHub/insu/.superpowers/brainstorm/13799-1778468351/content/architecture.html"}
{"type":"screen-added","file":"/Users/gerardobasterrechea/Documents/GitHub/insu/.superpowers/brainstorm/13799-1778468351/content/db-schema.html"}
{"type":"screen-updated","file":"/Users/gerardobasterrechea/Documents/GitHub/insu/.superpowers/brainstorm/13799-1778468351/content/db-schema.html"}
{"type":"screen-updated","file":"/Users/gerardobasterrechea/Documents/GitHub/insu/.superpowers/brainstorm/13799-1778468351/content/db-schema.html"}
{"type":"screen-updated","file":"/Users/gerardobasterrechea/Documents/GitHub/insu/.superpowers/brainstorm/13799-1778468351/content/db-schema.html"}
{"type":"screen-added","file":"/Users/gerardobasterrechea/Documents/GitHub/insu/.superpowers/brainstorm/13799-1778468351/content/browse-page.html"}
{"type":"screen-updated","file":"/Users/gerardobasterrechea/Documents/GitHub/insu/.superpowers/brainstorm/13799-1778468351/content/browse-page.html"}
{"type":"screen-updated","file":"/Users/gerardobasterrechea/Documents/GitHub/insu/.superpowers/brainstorm/13799-1778468351/content/browse-page.html"}
{"type":"screen-updated","file":"/Users/gerardobasterrechea/Documents/GitHub/insu/.superpowers/brainstorm/13799-1778468351/content/browse-page.html"}
{"type":"screen-updated","file":"/Users/gerardobasterrechea/Documents/GitHub/insu/.superpowers/brainstorm/13799-1778468351/content/browse-page.html"}
{"type":"screen-added","file":"/Users/gerardobasterrechea/Documents/GitHub/insu/.superpowers/brainstorm/13799-1778468351/content/browse-v2.html"}
{"type":"screen-updated","file":"/Users/gerardobasterrechea/Documents/GitHub/insu/.superpowers/brainstorm/13799-1778468351/content/browse-v2.html"}
{"type":"screen-updated","file":"/Users/gerardobasterrechea/Documents/GitHub/insu/.superpowers/brainstorm/13799-1778468351/content/browse-v2.html"}
{"type":"screen-updated","file":"/Users/gerardobasterrechea/Documents/GitHub/insu/.superpowers/brainstorm/13799-1778468351/content/browse-v2.html"}
{"type":"screen-updated","file":"/Users/gerardobasterrechea/Documents/GitHub/insu/.superpowers/brainstorm/13799-1778468351/content/browse-v2.html"}
{"type":"screen-updated","file":"/Users/gerardobasterrechea/Documents/GitHub/insu/.superpowers/brainstorm/13799-1778468351/content/browse-page.html"}
{"type":"screen-updated","file":"/Users/gerardobasterrechea/Documents/GitHub/insu/.superpowers/brainstorm/13799-1778468351/content/browse-v2.html"}
{"type":"screen-updated","file":"/Users/gerardobasterrechea/Documents/GitHub/insu/.superpowers/brainstorm/13799-1778468351/content/db-schema.html"}
{"type":"screen-updated","file":"/Users/gerardobasterrechea/Documents/GitHub/insu/.superpowers/brainstorm/13799-1778468351/content/architecture.html"}
{"type":"server-stopped","reason":"idle timeout"}
